[17:28:48] [Render thread/INFO] [JMLogger] JourneyMap log initialized.
[17:28:48] [Render thread/INFO] [JourneymapClient] initialize ENTER
[17:28:48] [Render thread/INFO] [ClientAPI] [ClientAPI] built with JourneyMap API 2.0.0
[17:28:48] [Render thread/WARN] [PropertiesBase] core (Initialized) Bad configField entry during updateFrom(): optionsManagerViewed=null
[17:28:50] [Render thread/INFO] [?] Version: JourneyMap 26.2-6.0.9, built with fabric 0.152.1+26.2
fabric: 0.19.3
Environment: os.name, os.arch, java.version, user.country, user.language=null, game language=ko_kr, locale=ko_kr
MP: : Minecraft~ : 
Features: 
	RadarPlayers : singleplayer = true , multiplayer = true
	RadarAnimals : singleplayer = true , multiplayer = true
	RadarMobs : singleplayer = true , multiplayer = true
	RadarVillagers : singleplayer = true , multiplayer = true
	MapTopo : singleplayer = true , multiplayer = true
	MapSurface : singleplayer = true , multiplayer = true
	MapCaves : singleplayer = true , multiplayer = true
	MapBiome : singleplayer = true , multiplayer = true
MiniMapProperties{state=Valid, file=journeymap.minimap.config, configVersion=6.0.9, infoSlotTimeFormat=HH:mm:ss, zoomLevel=512, compassFontScale=1.0, infoSlotFontScale=1.0, terrainAlpha=100, showEntityNames=false, showPassiveNames=false, positionX=0.9, positionY=0.25, effectVertical=false, showPlayerHeading=true, sizePercent=30, playerDisplayScale=1.0, showDayNight=true, showPets=true, showPlayerNames=true, preferredMapType=day, showCompass=true, showNpcNames=false, mobDisplay=jm.common.entity_display.dots_and_outlined_icons, showHostileNames=false, systemTimeRealFormat=HH:mm:ss, shape=jm.minimap.shape_circle, showSelf=true, showVillagerNames=false, selfDisplayScale=1.0, showGrid=true, reticleOrientation=jm.minimap.orientation.compass, minimapLockedMapType=jm.common.map_type.auto, effectTranslateX=0, info3LabelPosition=jm.minimap.info_slot.bottom, showWaypoints=true, info2LabelPosition=jm.minimap.info_slot.top, minimapKeyMovementSpeed=0.001, info1LabelPosition=jm.minimap.info_slot.top, showAnimals=true, infoSlotAlpha=0.7, effectTranslateY=0, showWaypointLabels=true, showAmbientNames=false, moveEffectIcons=true, showTeamNames=true, position=jm.minimap.position_topright, fontScale=1.0, info4LabelPosition=jm.minimap.info_slot.bottom, showPlayers=true, waypointIconScale=1.0, frameAlpha=100, effectReversed=false, backgroundAlpha=0.8, enabled=true, showVillagers=true, info2Label=jm.theme.labelsource.gametime, hudRenderLayer=jm.minimap.hud_render_layer_last, info3Label=jm.theme.labelsource.location, caveLayer=4, showMobs=true, waypointLabelScale=1.0, showReticle=true, orientation=jm.minimap.orientation.north, info4Label=jm.theme.labelsource.biome, locationFormat=xzyv, playerDisplay=jm.common.entity_display.outlined_icons, mobDisplayScale=1.0, showOffScreenPlayers=true, showCaves=true, hideEffectIcons=false, showMobHeading=true, locationFormatVerbose=true, showAmbientCreatures=false, showPetNames=false, info1Label=jm.theme.labelsource.blank, showNoIconNames=true}
MiniMapProperties{state=Valid, file=journeymap.minimap2.config, configVersion=6.0.9, infoSlotTimeFormat=HH:mm:ss, zoomLevel=512, compassFontScale=1.0, infoSlotFontScale=1.0, terrainAlpha=100, showEntityNames=false, showPassiveNames=false, positionX=0.9, positionY=0.25, effectVertical=false, showPlayerHeading=true, sizePercent=30, playerDisplayScale=1.0, showDayNight=true, showPets=true, showPlayerNames=true, preferredMapType=day, showCompass=true, showNpcNames=false, mobDisplay=jm.common.entity_display.dots_and_outlined_icons, showHostileNames=false, systemTimeRealFormat=HH:mm:ss, shape=jm.minimap.shape_rectangle, showSelf=true, showVillagerNames=false, selfDisplayScale=1.0, showGrid=true, reticleOrientation=jm.minimap.orientation.compass, minimapLockedMapType=jm.common.map_type.auto, effectTranslateX=0, info3LabelPosition=jm.minimap.info_slot.bottom, showWaypoints=true, info2LabelPosition=jm.minimap.info_slot.top, minimapKeyMovementSpeed=0.001, info1LabelPosition=jm.minimap.info_slot.top, showAnimals=true, infoSlotAlpha=0.7, effectTranslateY=0, showWaypointLabels=true, showAmbientNames=false, moveEffectIcons=true, showTeamNames=true, position=jm.minimap.position_topright, fontScale=1.0, info4LabelPosition=jm.minimap.info_slot.bottom, showPlayers=true, waypointIconScale=1.0, frameAlpha=100, effectReversed=false, backgroundAlpha=0.8, enabled=true, showVillagers=true, info2Label=jm.theme.labelsource.gametime, hudRenderLayer=jm.minimap.hud_render_layer_last, info3Label=jm.theme.labelsource.location, caveLayer=4, showMobs=true, waypointLabelScale=1.0, showReticle=true, orientation=jm.minimap.orientation.north, info4Label=jm.theme.labelsource.biome, locationFormat=xzyv, playerDisplay=jm.common.entity_display.outlined_icons, mobDisplayScale=1.0, showOffScreenPlayers=true, showCaves=true, hideEffectIcons=false, showMobHeading=true, locationFormatVerbose=true, showAmbientCreatures=false, showPetNames=false, info1Label=jm.theme.labelsource.blank, showNoIconNames=true}
FullMapProperties{state=Valid, file=journeymap.fullmap.config, configVersion=6.0.9, zoomLevel=512, minimalMode=false, showPlayers=true, waypointIconScale=1.0, showEntityNames=false, showPassiveNames=false, showPlayerHeading=true, showVillagers=true, showPlayerLoc=true, showKeys=true, playerDisplayScale=1.0, showMobs=true, showPets=true, waypointLabelScale=1.0, showPlayerNames=true, preferredMapType=day, showNpcNames=false, mobDisplay=jm.common.entity_display.dots_and_outlined_icons, showHostileNames=false, pauseGame=false, showSelf=true, locationFormat=xzyv, playerDisplay=jm.common.entity_display.outlined_icons, showVillagerNames=false, mobDisplayScale=1.0, selfDisplayScale=1.0, showOffScreenPlayers=true, showGrid=true, showMouseLoc=true, showWaypoints=true, showCaves=true, showThemeButton=true, showAnimals=true, showMobHeading=true, showWaypointLabels=true, locationFormatVerbose=true, showAmbientNames=false, showAmbientCreatures=false, showTeamNames=true, showPetNames=false, fontScale=1.0, showNoIconNames=true}
WaypointProperties{state=Valid, file=journeymap.waypoint.config, configVersion=6.0.9, autoRemoveDeathpointDistance=2, showPlayers=false, dateFormat=MM-dd-yyyy, autoHideIconAngle=5, playerMaxDistance=0, autoRemoveDeathpoints=false, autoHideIcon=false, autoHideLabelAngle=5, renderWaypointsWorld=true, showLabelBackground=true, showDeleteConfirmation=true, managerDimensionFocus=false, fullscreenDoubleClickToCreate=true, minDistance=4, coordinatesFormat=XZY, boldLabel=false, disableShare=false, showDeathpointlabel=true, autoHideLabelVertical=true, textureSmall=true, useActionsButton=false, beaconEnabled=true, createDeathpoints=true, disableStrikeThrough=false, renderWaypointsMap=true, showName=true, autoHideLabelVerticalAngle=10, maxDistance=0, ignoreRenderDistance=false, autoHideLabel=true, autoRemoveTempWaypoints=2, teleportCommand=/execute in {dim} run tp {name} {x} {y} {z}, showStaticBeam=true, renderWaypoints=true, wholeNumberTeleportCoords=false, timeFormat=HH:mm:ss, shaderBeacon=false, playerMinDistance=10, showDistance=true, showRotatingBeam=true, fontScale=2.0, managerEnabled=true}
WebMapProperties{state=Valid, file=journeymap.webmap.config, configVersion=6.0.9, port=8080, enabled=false}
CoreProperties{state=Valid, file=journeymap.core.config, configVersion=6.0.9, maxPlayersData=32, mapSurfaceAboveCaves=true, dataCachingEnabled=true, maxAmbientCreaturesData=32, optionsManagerViewed=null, announceMod=true, ignoreSnow=false, colorPassive=#bbbbbb, colorPassiveLabel=#bbbbbb, mapShadows=true, mapBlendWater=true, playerIconFade=true, renderDistanceSurfaceMax=0, seedId=false, colorPetLabel=#0077ff, radarVerticalDistance=16, mapBlendGrass=true, recordCacheStats=false, hideSneakingEntities=true, initialSortOrder=Name, colorPlayerLabel=#ffffff, revealShape=jm.minimap.shape_circle, mapBiome=true, minimapPresetOverlay=true, caveShader=jm.common.map_filter.default, colorVillagerLabel=#88e188, alwaysMapSurface=false, biomeShader=jm.common.map_filter.default, colorVillager=#88e188, mapPlants=false, colorPet=#0077ff, sortDescending=true, radarLateralDistance=64, mapBathymetry=false, mapCrops=true, maxMobsData=32, dayShader=jm.common.map_filter.default, mapPlantShadows=false, alwaysMapCaves=false, checkUpdates=true, colorHostileLabel=#ff0000, mapBlendFoliage=true, netherSurfaceLighting=true, topoMax=0, hideSpectators=false, mappingEnabled=true, colorPlayer=#ffffff, cacheVillagersData=2000, minimapMapTypeOverlay=true, logLevel=INFO, maxVillagersData=32, mapWaterBiomeColors=true, maxAnimalsData=32, mapTransparency=true, caveBlackAsClear=false, caveModeThreshold=2, legacyIcons=false, netherShader=jm.common.map_filter.default, caveIgnoreGlass=true, mapTopography=true, renderDistanceCaveMax=0, mapAntialiasing=true, colorSelf=#0000ff, cachePlayersData=2000, mapOnlyPlayerChunk=false, nightShader=jm.common.map_filter.default, cacheMobsData=3000, drawStepUpdateRate=500, cachePlayerData=1000, splashViewed=6.0.9, colorHostile=#ff0000, topoShader=jm.common.map_filter.default, allowMiniMapBehindScreens=true, cacheAnimalsData=3000, ignoreHeightmaps=false, lodsEnabled=true, themeName=Purist, mapCaveLighting=true, renderDelay=500, mobIconFade=true, serverIp=false, glErrorChecking=false, autoMapPoll=2000}
[17:28:50] [Render thread/INFO] [JourneymapClient] initialize EXIT, elapsed count 1 avg 2599.2ms
[17:28:53] [Render thread/INFO] [ThemeLoader] Preloaded theme textures: 73
[17:28:53] [Render thread/INFO] [JourneymapClient] postInitialize EXIT, elapsed count 1 avg 2842.2ms
[17:28:59] [Render thread/INFO] [ColorPalette] Color palette file generated for 0 blockstates in 0ms for: Default Palette
[17:30:03] [Server thread/INFO] [PluginHelper] Found @JourneyMapPlugin: journeymap.api.plugins.LoadedChunkOverlayPlugin
[17:30:09] [Server thread/INFO] [PluginHelper] Initialized IJourneyMapPlugin as:journeymap.api.plugins.LoadedChunkOverlayPlugin: for:journeymap_chunk_overlay
[17:30:09] [Server thread/INFO] [PropertiesBase] global (FirstLoaded) Setting config file to version "6.0.9": journeymap.server.global.config
[17:30:09] [Server thread/INFO] [PropertiesBase] global (Valid) Creating config file: C:\Users\phj08\curseforge\minecraft\Instances\26.2\journeymap\server\6.0\journeymap.server.global.config
[17:30:09] [Server thread/INFO] [PropertiesBase] default (FirstLoaded) Setting config file to version "6.0.9": journeymap.server.default.config
[17:30:09] [Server thread/INFO] [PropertiesBase] default (Valid) Creating config file: C:\Users\phj08\curseforge\minecraft\Instances\26.2\journeymap\server\6.0\journeymap.server.default.config
[17:30:09] [Server thread/INFO] [PropertiesBase] minecraft~overworld (Valid) Creating config file: C:\Users\phj08\curseforge\minecraft\Instances\26.2\journeymap\server\6.0\journeymap.server.minecraft~overworld.config
[17:30:09] [Server thread/INFO] [PropertiesBase] minecraft~the_nether (Valid) Creating config file: C:\Users\phj08\curseforge\minecraft\Instances\26.2\journeymap\server\6.0\journeymap.server.minecraft~the_nether.config
[17:30:09] [Server thread/INFO] [PropertiesBase] minecraft~the_end (Valid) Creating config file: C:\Users\phj08\curseforge\minecraft\Instances\26.2\journeymap\server\6.0\journeymap.server.minecraft~the_end.config
[17:30:14] [Render thread/INFO] [HandshakePacket] JourneyMap server version: 6.0.9 (client version: 6.0.9)
[17:30:15] [Server thread/INFO] [HandshakePacket] JourneyMap client version for YUNDDAK: 6.0.9 (server version: 6.0.9)
[17:30:15] [Render thread/INFO] [HandshakePacket] JourneyMap server version: 6.0.9 (client version: 6.0.9)
[17:30:15] [Render thread/INFO] [InternalStateHandler] Connection initiated with Journeymap Server: true
[17:30:15] [Render thread/INFO] [InternalStateHandler] Teleport Enabled: false
[17:30:15] [Render thread/INFO] [InternalStateHandler] Server set waypointTeleportOnly: false
[17:30:15] [Render thread/INFO] [InternalStateHandler] Server set globalWaypointTeleportOnly: false
[17:30:15] [Render thread/INFO] [InternalStateHandler] Expanded Radar Enabled: true
[17:30:15] [Render thread/INFO] [InternalStateHandler] Server Admin Enabled: false
[17:30:15] [Render thread/INFO] [InternalStateHandler] Server set show in-game beacons: true
[17:30:15] [Render thread/INFO] [InternalStateHandler] Server set waypoints allowed: true
[17:30:15] [Render thread/INFO] [InternalStateHandler] Server set Server Admin read only mode: true
[17:30:15] [Render thread/INFO] [InternalStateHandler] Server set maxSurfaceRenderDistance to: 0
[17:30:15] [Render thread/INFO] [InternalStateHandler] Server setmaxCaveRenderDistance to: 0
[17:30:15] [Render thread/INFO] [InternalStateHandler] Server set allow mutliplayer options: true
[17:30:15] [Render thread/INFO] [InternalStateHandler] Server set globalWaypointsOnly: false
[17:30:15] [Render thread/INFO] [InternalStateHandler] Server set allow radarLateralDistance options: 512
[17:30:15] [Render thread/INFO] [InternalStateHandler] Server set allow radarVerticalDistance options: 320
[17:30:15] [Render thread/INFO] [InternalStateHandler] Server set allow maxAnimalsData options: 128
[17:30:15] [Render thread/INFO] [InternalStateHandler] Server set allow maxAmbientCreaturesData options: 128
[17:30:15] [Render thread/INFO] [InternalStateHandler] Server set allow maxMobsData options: 128
[17:30:15] [Render thread/INFO] [InternalStateHandler] Server set allow maxPlayersData options: 128
[17:30:15] [Render thread/INFO] [InternalStateHandler] Server set allow maxVillagersData options: 128
[17:30:15] [Render thread/INFO] [InternalStateHandler] Server set allow playerRadarNamesEnabled options: true
[17:30:15] [Render thread/INFO] [InternalStateHandler] Server set allow minimapEnabled options: true
[17:30:15] [Render thread/INFO] [InternalStateHandler] Server set allow hideCoordinates options: false
[17:30:16] [Render thread/WARN] [PropertiesBase] core (Initialized) Bad configField entry during updateFrom(): optionsManagerViewed=null
[17:30:16] [Render thread/INFO] [WaypointGroupStore] Loaded 0 waypoint groups from disk.
[17:30:16] [Render thread/INFO] [LegacyWaypointFileMigrator] 0 Legacy waypoints found that need to be migrated and backed up.
[17:30:16] [Render thread/INFO] [ColorPalette] Color palette file generated for 0 blockstates in 1ms for: C:\Users\phj08\curseforge\minecraft\Instances\26.2\journeymap\colorpalette.json
[17:30:16] [Render thread/INFO] [ColorPalette] Color palette file generated for 0 blockstates in 0ms for: C:\Users\phj08\curseforge\minecraft\Instances\26.2\journeymap\data\sp\새로운 세계\colorpalette.json
[17:30:16] [Render thread/INFO] [JourneymapClient] Mapping started in C:\Users\phj08\curseforge\minecraft\Instances\26.2\journeymap\data\sp\새로운 세계\overworld. Memory: 828MB total, 198MB free 
[17:30:16] [Render thread/INFO] [JMChunkCache] JMChunkCache: opened at C:\Users\phj08\curseforge\minecraft\Instances\26.2\journeymap\data\sp\새로운 세계\overworld\chunk_cache
[17:30:16] [Render thread/INFO] [WaypointHandler] WaypointBackend selected: Server (was=null, shouldBeRemote=true, isJMServer=true, serverManagedWP=true, isServerManagedWaypointConnection=true, hasSingleplayerServer=true)
[17:30:16] [Render thread/INFO] [InternalStateHandler] Connection initiated with Journeymap Server: true
[17:30:16] [Render thread/INFO] [InternalStateHandler] Teleport Enabled: false
[17:30:16] [Render thread/INFO] [InternalStateHandler] Server set waypointTeleportOnly: false
[17:30:16] [Render thread/INFO] [InternalStateHandler] Server set globalWaypointTeleportOnly: false
[17:30:16] [Render thread/INFO] [InternalStateHandler] Expanded Radar Enabled: true
[17:30:16] [Render thread/INFO] [InternalStateHandler] Server Admin Enabled: false
[17:30:16] [Render thread/INFO] [InternalStateHandler] Server set show in-game beacons: true
[17:30:16] [Render thread/INFO] [InternalStateHandler] Server set waypoints allowed: true
[17:30:16] [Render thread/INFO] [InternalStateHandler] Server set Server Admin read only mode: true
[17:30:16] [Render thread/INFO] [InternalStateHandler] Server set maxSurfaceRenderDistance to: 0
[17:30:16] [Render thread/INFO] [InternalStateHandler] Server setmaxCaveRenderDistance to: 0
[17:30:16] [Render thread/INFO] [InternalStateHandler] Server set allow mutliplayer options: true
[17:30:16] [Render thread/INFO] [InternalStateHandler] Server set globalWaypointsOnly: false
[17:30:16] [Render thread/INFO] [InternalStateHandler] Server set allow radarLateralDistance options: 512
[17:30:16] [Render thread/INFO] [InternalStateHandler] Server set allow radarVerticalDistance options: 320
[17:30:16] [Render thread/INFO] [InternalStateHandler] Server set allow maxAnimalsData options: 128
[17:30:16] [Render thread/INFO] [InternalStateHandler] Server set allow maxAmbientCreaturesData options: 128
[17:30:16] [Render thread/INFO] [InternalStateHandler] Server set allow maxMobsData options: 128
[17:30:16] [Render thread/INFO] [InternalStateHandler] Server set allow maxPlayersData options: 128
[17:30:16] [Render thread/INFO] [InternalStateHandler] Server set allow maxVillagersData options: 128
[17:30:16] [Render thread/INFO] [InternalStateHandler] Server set allow playerRadarNamesEnabled options: true
[17:30:16] [Render thread/INFO] [InternalStateHandler] Server set allow minimapEnabled options: true
[17:30:16] [Render thread/INFO] [InternalStateHandler] Server set allow hideCoordinates options: false
[17:30:17] [Render thread/INFO] [FabricEventHandlerManager] Chunks Fade In:3.0.28-26.2, Cloth Config v26.2:26.2.155, Common Network:26.2-1.1.0, EntityCulling:1.11.2, Fabric API Base:2.0.4+ece063239e, Fabric API Lookup API (v1):2.0.18+11e1c9a39e, Fabric API:0.161.0+26.2, Fabric Advancement API (v1):1.0.0+58719a3b9e, Fabric Biome API (v1):18.0.6+c7bd5b8e9e, Fabric Block API (v1):3.1.0+53515aab9e, Fabric BlockGetter API (v2):2.0.7+ec56b6019e, Fabric Command API (v2):3.1.0+00cb03469e, Fabric Content Registries (v0):11.3.2+37b1aa249e, Fabric Convention Tags (v2):4.7.1+1f023a9e9e, Fabric Crash Report Info (v1):1.0.5+086d547a9e, Fabric Creative Tab API (v1):5.0.15+6468574f9e, Fabric Data Attachment API (v1):2.2.19+515ac5339e, Fabric Data Generation API (v1):25.6.0+c0da0b829e, Fabric Debug API (v1):1.0.2+c792624d9e, Fabric Dimensions API (v1):5.1.12+515ac5339e, Fabric Entity Events (v1):5.0.5+06488ac19e, Fabric Events Interaction (v0):5.2.8+515ac5339e, Fabric Game Rule API (v1):4.0.8+46a6d00c9e, Fabric Item API (v1):14.5.0+c68f6cbe9e, Fabric Key Binding API (v1):1.1.8+9c919dacc9, Fabric Key Mapping API (v1):2.0.5+e2bdee789e, Fabric Language Kotlin:1.14.1+kotlin.2.4.20, Fabric Lifecycle Events (v1):4.1.4+29b6eb019e, Fabric Loader:0.19.5, Fabric Loot API (v3):3.0.17+06488ac19e, Fabric Menu API (v1):2.0.17+086d547a9e, Fabric Message API (v1):7.0.8+bb2ed3f79e, Fabric Model Loading API (v1):8.0.17+c80601bb9e, Fabric Networking API (v1):6.3.4+2989c6a09e, Fabric Object Builder API (v1):24.1.1+6fcd5f039e, Fabric Particles (v1):5.0.19+d1756aa99e, Fabric Permission API (v1):1.0.5+e442d8d09e, Fabric Recipe API (v1):9.0.22+11e1c9a39e, Fabric Registry Sync (v0):7.1.1+c7bd5b8e9e, Fabric Renderer - Indigo:9.1.4+2b0d8a229e, Fabric Renderer API (v1):14.1.4+2b0d8a229e, Fabric Rendering (v1):25.3.3+515ac5339e, Fabric Rendering Fluids (v1):6.0.4+06488ac19e, Fabric Resource Conditions API (v1):6.1.0+10e9a28b9e, Fabric Resource Loader (v0):3.3.20+4fc5413f9e, Fabric Resource Loader (v1):2.0.13+9edec1269e, Fabric Screen API (v1):5.2.1+5087f8249e, Fabric Serialization API (v1):2.0.4+11a26f319e, Fabric Sound API (v1):2.0.5+11a26f319e, Fabric Tag API (v1):2.1.4+515ac5339e, Fabric Transfer API (v1):8.0.13+11dbb7d79e, Fabric Transitive Access Wideners (v1):8.1.4+67c847259e, FerriteCore:9.0.0, Fzzy Config:0.7.7+26.2, Iris:1.11.4+mc26.2, JourneyMap API:26.2-2.0.0, Journeymap:26.2-6.0.9, Minecraft:26.2, MixinExtras:0.5.5, Mod Menu:20.0.3, OpenJDK 64-Bit Server VM:25, Placeholder API:3.1.0-beta.1+26.2, Plasmo Voice:2.1.17, Punchy:2.8b, Sodium:0.9.2+mc26.2, Sound Physics Remastered:1.5.1+26.2, TRansition:1.0.25, TRender:1.0.17, antlr4-runtime:4.13.1, atomicfu-jvm:0.33.0, cloth-basic-math:0.6.1, fabric-permissions-api:0.7.0, glsl-transformer:3.0.0-pre3, jankson:1.2.3, jcpp:1.4.14, kotlin-reflect:2.4.20, kotlin-stdlib-jdk7:2.4.20, kotlin-stdlib-jdk8:2.4.20, kotlin-stdlib:2.4.20, kotlinx-coroutines-core-jvm:1.11.0, kotlinx-coroutines-jdk8:1.11.0, kotlinx-datetime-jvm:0.8.0, kotlinx-io-bytestring-jvm:0.9.1, kotlinx-io-core-jvm:0.9.1, kotlinx-serialization-cbor-jvm:1.11.0, kotlinx-serialization-core-jvm:1.11.0, kotlinx-serialization-json-jvm:1.11.0, pngj:2.1.0, toml4j:0.7.2, tomlkt-jvm:0.3.7
[17:30:17] [Render thread/INFO] [FabricEventHandlerManager] #### Checking if feather is loaded: false ####
[17:30:18] [Render thread/INFO] [ChatLog] JourneyMap: 클릭 [J]
[17:45:44] [Render thread/WARN] [JMLogger] Image is null: minecraft:textures/entity_icon/turtle/turtle_baby.png
[17:47:18] [Render thread/WARN] [JMLogger] Image is null: minecraft:textures/entity_icon/turtle/turtle_baby.png
[17:48:12] [Render thread/WARN] [JMLogger] Image is null: minecraft:textures/entity_icon/turtle/turtle_baby.png
[17:48:28] [Render thread/WARN] [JMLogger] Image is null: minecraft:textures/entity_icon/turtle/turtle_baby.png
[17:49:55] [Render thread/WARN] [JMLogger] Image is null: minecraft:textures/entity_icon/turtle/turtle_baby.png
[17:52:00] [Render thread/INFO] [WaypointGroupStore] Loaded 0 waypoint groups from disk.
[17:52:00] [Render thread/INFO] [LegacyWaypointFileMigrator] 0 Legacy waypoints found that need to be migrated and backed up.
[17:52:00] [Render thread/INFO] [WaypointHandler] WaypointBackend selected: Server (was=null, shouldBeRemote=true, isJMServer=true, serverManagedWP=true, isServerManagedWaypointConnection=true, hasSingleplayerServer=true)
[17:57:43] [Render thread/INFO] [TextureCache] [JourneyMap]: Purging Theme Images
[17:57:43] [Render thread/INFO] [TextureCache] [JourneyMap]: Purging Region Images
[17:57:43] [Render thread/INFO] [TextureCache] [JourneyMap]: Purging Mob Icon Images
[17:57:43] [Render thread/INFO] [WaypointHandler] WaypointBackend selected: Client (was=Server, shouldBeRemote=false, isJMServer=false, serverManagedWP=false, isServerManagedWaypointConnection=false, hasSingleplayerServer=true)
[17:57:43] [Render thread/INFO] [WaypointGroupStore] Loaded 0 waypoint groups from disk.
[17:57:43] [Render thread/INFO] [WaypointStore] Loaded 0 waypoints from disk.
[17:57:43] [Render thread/INFO] [LegacyWaypointFileMigrator] 0 Legacy waypoints found that need to be migrated and backed up.
[17:57:43] [Render thread/INFO] [WaypointHandler] WaypointBackend selected: Client (was=null, shouldBeRemote=false, isJMServer=false, serverManagedWP=false, isServerManagedWaypointConnection=false, hasSingleplayerServer=true)
[17:57:43] [Render thread/INFO] [JourneymapClient] Mapping halted in C:\Users\phj08\curseforge\minecraft\Instances\26.2\journeymap\data\mp\offline\minecraft:overworld
